2026-01-22 21:45:29,788 - __main__ - INFO - Initializing invoice processing pipeline...
2026-01-22 21:45:31,956 - __main__ - INFO - Pipeline initialized successfully
2026-01-22 21:45:31,956 - __main__ - INFO - [tabali_20260122_214531] Starting invoice processing: ../tabali.jpg
2026-01-22 21:45:31,958 - __main__ - INFO - [tabali_20260122_214531] Step 1/5: OCR extraction
2026-01-22 21:45:31,958 - __main__ - INFO - [tabali_20260122_214531] Applying conservative receipt preprocessing...
2026-01-22 21:45:31,958 - __main__ - WARNING - [tabali_20260122_214531] Preprocessing failed, using original image
2026-01-22 21:45:31,958 - __main__ - ERROR - [tabali_20260122_214531] OCR extraction failed: Failed to read image: ../tabali.jpg
2026-01-22 21:45:31,958 - __main__ - ERROR - [tabali_20260122_214531] Processing failed: Failed to read image: ../tabali.jpg
Traceback (most recent call last):
  File "D:\Dying\4th year\seventh term\GP\ocr part\main.py", line 166, in process_invoice
    ocr_results = self._run_ocr(image_path, invoice_id)
                  ^^^^^^^^^^^^^^^^^^^^^^^^^^^^^^^^^^^^^
  File "D:\Dying\4th year\seventh term\GP\ocr part\main.py", line 334, in _run_ocr
    ocr_results = self.ocr.extract_text_with_boxes(
                  ^^^^^^^^^^^^^^^^^^^^^^^^^^^^^^^^^
  File "D:\Dying\4th year\seventh term\GP\ocr part\ocr\invoice_ocr.py", line 93, in extract_text_with_boxes
    raise ValueError(f"Failed to read image: {image_path}")
ValueError: Failed to read image: ../tabali.jpg
2026-01-22 21:45:31,959 - __main__ - INFO - [tabali_20260122_214531] Retrying... (attempt 1/2)
2026-01-22 21:45:31,959 - __main__ - INFO - [tabali_20260122_214531] Starting invoice processing: ../tabali.jpg
2026-01-22 21:45:31,959 - __main__ - INFO - [tabali_20260122_214531] Step 1/5: OCR extraction
2026-01-22 21:45:31,959 - __main__ - INFO - [tabali_20260122_214531] Applying conservative receipt preprocessing...
2026-01-22 21:45:31,959 - __main__ - WARNING - [tabali_20260122_214531] Preprocessing failed, using original image
2026-01-22 21:45:31,959 - __main__ - ERROR - [tabali_20260122_214531] OCR extraction failed: Failed to read image: ../tabali.jpg
2026-01-22 21:45:31,959 - __main__ - ERROR - [tabali_20260122_214531] Processing failed: Failed to read image: ../tabali.jpg
Traceback (most recent call last):
  File "D:\Dying\4th year\seventh term\GP\ocr part\main.py", line 166, in process_invoice
    ocr_results = self._run_ocr(image_path, invoice_id)
                  ^^^^^^^^^^^^^^^^^^^^^^^^^^^^^^^^^^^^^
  File "D:\Dying\4th year\seventh term\GP\ocr part\main.py", line 334, in _run_ocr
    ocr_results = self.ocr.extract_text_with_boxes(
                  ^^^^^^^^^^^^^^^^^^^^^^^^^^^^^^^^^
  File "D:\Dying\4th year\seventh term\GP\ocr part\ocr\invoice_ocr.py", line 93, in extract_text_with_boxes
    raise ValueError(f"Failed to read image: {image_path}")
ValueError: Failed to read image: ../tabali.jpg

During handling of the above exception, another exception occurred:

Traceback (most recent call last):
  File "D:\Dying\4th year\seventh term\GP\ocr part\main.py", line 166, in process_invoice
    ocr_results = self._run_ocr(image_path, invoice_id)
                  ^^^^^^^^^^^^^^^^^^^^^^^^^^^^^^^^^^^^^
  File "D:\Dying\4th year\seventh term\GP\ocr part\main.py", line 334, in _run_ocr
    ocr_results = self.ocr.extract_text_with_boxes(
                  ^^^^^^^^^^^^^^^^^^^^^^^^^^^^^^^^^
  File "D:\Dying\4th year\seventh term\GP\ocr part\ocr\invoice_ocr.py", line 93, in extract_text_with_boxes
    raise ValueError(f"Failed to read image: {image_path}")
ValueError: Failed to read image: ../tabali.jpg
2026-01-22 21:45:31,959 - __main__ - INFO - [tabali_20260122_214531] Retrying... (attempt 2/2)
2026-01-22 21:45:31,961 - __main__ - INFO - [tabali_20260122_214531] Starting invoice processing: ../tabali.jpg
2026-01-22 21:45:31,961 - __main__ - INFO - [tabali_20260122_214531] Step 1/5: OCR extraction
2026-01-22 21:45:31,961 - __main__ - INFO - [tabali_20260122_214531] Applying conservative receipt preprocessing...
2026-01-22 21:45:31,961 - __main__ - WARNING - [tabali_20260122_214531] Preprocessing failed, using original image
2026-01-22 21:45:31,961 - __main__ - ERROR - [tabali_20260122_214531] OCR extraction failed: Failed to read image: ../tabali.jpg
2026-01-22 21:45:31,961 - __main__ - ERROR - [tabali_20260122_214531] Processing failed: Failed to read image: ../tabali.jpg
Traceback (most recent call last):
  File "D:\Dying\4th year\seventh term\GP\ocr part\main.py", line 166, in process_invoice
    ocr_results = self._run_ocr(image_path, invoice_id)
                  ^^^^^^^^^^^^^^^^^^^^^^^^^^^^^^^^^^^^^
  File "D:\Dying\4th year\seventh term\GP\ocr part\main.py", line 334, in _run_ocr
    ocr_results = self.ocr.extract_text_with_boxes(
                  ^^^^^^^^^^^^^^^^^^^^^^^^^^^^^^^^^
  File "D:\Dying\4th year\seventh term\GP\ocr part\ocr\invoice_ocr.py", line 93, in extract_text_with_boxes
    raise ValueError(f"Failed to read image: {image_path}")
ValueError: Failed to read image: ../tabali.jpg

During handling of the above exception, another exception occurred:

Traceback (most recent call last):
  File "D:\Dying\4th year\seventh term\GP\ocr part\main.py", line 166, in process_invoice
    ocr_results = self._run_ocr(image_path, invoice_id)
                  ^^^^^^^^^^^^^^^^^^^^^^^^^^^^^^^^^^^^^
  File "D:\Dying\4th year\seventh term\GP\ocr part\main.py", line 334, in _run_ocr
    ocr_results = self.ocr.extract_text_with_boxes(
                  ^^^^^^^^^^^^^^^^^^^^^^^^^^^^^^^^^
  File "D:\Dying\4th year\seventh term\GP\ocr part\ocr\invoice_ocr.py", line 93, in extract_text_with_boxes
    raise ValueError(f"Failed to read image: {image_path}")
ValueError: Failed to read image: ../tabali.jpg

During handling of the above exception, another exception occurred:

Traceback (most recent call last):
  File "D:\Dying\4th year\seventh term\GP\ocr part\main.py", line 166, in process_invoice
    ocr_results = self._run_ocr(image_path, invoice_id)
                  ^^^^^^^^^^^^^^^^^^^^^^^^^^^^^^^^^^^^^
  File "D:\Dying\4th year\seventh term\GP\ocr part\main.py", line 334, in _run_ocr
    ocr_results = self.ocr.extract_text_with_boxes(
                  ^^^^^^^^^^^^^^^^^^^^^^^^^^^^^^^^^
  File "D:\Dying\4th year\seventh term\GP\ocr part\ocr\invoice_ocr.py", line 93, in extract_text_with_boxes
    raise ValueError(f"Failed to read image: {image_path}")
ValueError: Failed to read image: ../tabali.jpg
2026-01-22 21:45:31,961 - __main__ - INFO - [tabali_20260122_214531] Processing time: 0.00s
2026-01-22 21:45:31,961 - __main__ - INFO - [tabali_20260122_214531] Processing time: 0.00s
2026-01-22 21:45:31,961 - __main__ - INFO - [tabali_20260122_214531] Processing time: 0.01s
2026-01-22 21:45:50,654 - __main__ - INFO - Initializing invoice processing pipeline...
2026-01-22 21:45:52,665 - __main__ - INFO - Pipeline initialized successfully
2026-01-22 21:45:52,665 - __main__ - INFO - [tabali_20260122_214552] Starting invoice processing: /tabali.jpg
2026-01-22 21:45:52,665 - __main__ - INFO - [tabali_20260122_214552] Step 1/5: OCR extraction
2026-01-22 21:45:52,665 - __main__ - INFO - [tabali_20260122_214552] Applying conservative receipt preprocessing...
2026-01-22 21:45:52,665 - __main__ - WARNING - [tabali_20260122_214552] Preprocessing failed, using original image
2026-01-22 21:45:52,665 - __main__ - ERROR - [tabali_20260122_214552] OCR extraction failed: Failed to read image: /tabali.jpg
2026-01-22 21:45:52,665 - __main__ - ERROR - [tabali_20260122_214552] Processing failed: Failed to read image: /tabali.jpg
Traceback (most recent call last):
  File "D:\Dying\4th year\seventh term\GP\ocr part\main.py", line 166, in process_invoice
    ocr_results = self._run_ocr(image_path, invoice_id)
                  ^^^^^^^^^^^^^^^^^^^^^^^^^^^^^^^^^^^^^
  File "D:\Dying\4th year\seventh term\GP\ocr part\main.py", line 334, in _run_ocr
    ocr_results = self.ocr.extract_text_with_boxes(
                  ^^^^^^^^^^^^^^^^^^^^^^^^^^^^^^^^^
  File "D:\Dying\4th year\seventh term\GP\ocr part\ocr\invoice_ocr.py", line 93, in extract_text_with_boxes
    raise ValueError(f"Failed to read image: {image_path}")
ValueError: Failed to read image: /tabali.jpg
2026-01-22 21:45:52,666 - __main__ - INFO - [tabali_20260122_214552] Retrying... (attempt 1/2)
2026-01-22 21:45:52,666 - __main__ - INFO - [tabali_20260122_214552] Starting invoice processing: /tabali.jpg
2026-01-22 21:45:52,666 - __main__ - INFO - [tabali_20260122_214552] Step 1/5: OCR extraction
2026-01-22 21:45:52,666 - __main__ - INFO - [tabali_20260122_214552] Applying conservative receipt preprocessing...
2026-01-22 21:45:52,666 - __main__ - WARNING - [tabali_20260122_214552] Preprocessing failed, using original image
2026-01-22 21:45:52,666 - __main__ - ERROR - [tabali_20260122_214552] OCR extraction failed: Failed to read image: /tabali.jpg
2026-01-22 21:45:52,666 - __main__ - ERROR - [tabali_20260122_214552] Processing failed: Failed to read image: /tabali.jpg
Traceback (most recent call last):
  File "D:\Dying\4th year\seventh term\GP\ocr part\main.py", line 166, in process_invoice
    ocr_results = self._run_ocr(image_path, invoice_id)
                  ^^^^^^^^^^^^^^^^^^^^^^^^^^^^^^^^^^^^^
  File "D:\Dying\4th year\seventh term\GP\ocr part\main.py", line 334, in _run_ocr
    ocr_results = self.ocr.extract_text_with_boxes(
                  ^^^^^^^^^^^^^^^^^^^^^^^^^^^^^^^^^
  File "D:\Dying\4th year\seventh term\GP\ocr part\ocr\invoice_ocr.py", line 93, in extract_text_with_boxes
    raise ValueError(f"Failed to read image: {image_path}")
ValueError: Failed to read image: /tabali.jpg

During handling of the above exception, another exception occurred:

Traceback (most recent call last):
  File "D:\Dying\4th year\seventh term\GP\ocr part\main.py", line 166, in process_invoice
    ocr_results = self._run_ocr(image_path, invoice_id)
                  ^^^^^^^^^^^^^^^^^^^^^^^^^^^^^^^^^^^^^
  File "D:\Dying\4th year\seventh term\GP\ocr part\main.py", line 334, in _run_ocr
    ocr_results = self.ocr.extract_text_with_boxes(
                  ^^^^^^^^^^^^^^^^^^^^^^^^^^^^^^^^^
  File "D:\Dying\4th year\seventh term\GP\ocr part\ocr\invoice_ocr.py", line 93, in extract_text_with_boxes
    raise ValueError(f"Failed to read image: {image_path}")
ValueError: Failed to read image: /tabali.jpg
2026-01-22 21:45:52,667 - __main__ - INFO - [tabali_20260122_214552] Retrying... (attempt 2/2)
2026-01-22 21:45:52,667 - __main__ - INFO - [tabali_20260122_214552] Starting invoice processing: /tabali.jpg
2026-01-22 21:45:52,667 - __main__ - INFO - [tabali_20260122_214552] Step 1/5: OCR extraction
2026-01-22 21:45:52,667 - __main__ - INFO - [tabali_20260122_214552] Applying conservative receipt preprocessing...
2026-01-22 21:45:52,667 - __main__ - WARNING - [tabali_20260122_214552] Preprocessing failed, using original image
2026-01-22 21:45:52,667 - __main__ - ERROR - [tabali_20260122_214552] OCR extraction failed: Failed to read image: /tabali.jpg
2026-01-22 21:45:52,667 - __main__ - ERROR - [tabali_20260122_214552] Processing failed: Failed to read image: /tabali.jpg
Traceback (most recent call last):
  File "D:\Dying\4th year\seventh term\GP\ocr part\main.py", line 166, in process_invoice
    ocr_results = self._run_ocr(image_path, invoice_id)
                  ^^^^^^^^^^^^^^^^^^^^^^^^^^^^^^^^^^^^^
  File "D:\Dying\4th year\seventh term\GP\ocr part\main.py", line 334, in _run_ocr
    ocr_results = self.ocr.extract_text_with_boxes(
                  ^^^^^^^^^^^^^^^^^^^^^^^^^^^^^^^^^
  File "D:\Dying\4th year\seventh term\GP\ocr part\ocr\invoice_ocr.py", line 93, in extract_text_with_boxes
    raise ValueError(f"Failed to read image: {image_path}")
ValueError: Failed to read image: /tabali.jpg

During handling of the above exception, another exception occurred:

Traceback (most recent call last):
  File "D:\Dying\4th year\seventh term\GP\ocr part\main.py", line 166, in process_invoice
    ocr_results = self._run_ocr(image_path, invoice_id)
                  ^^^^^^^^^^^^^^^^^^^^^^^^^^^^^^^^^^^^^
  File "D:\Dying\4th year\seventh term\GP\ocr part\main.py", line 334, in _run_ocr
    ocr_results = self.ocr.extract_text_with_boxes(
                  ^^^^^^^^^^^^^^^^^^^^^^^^^^^^^^^^^
  File "D:\Dying\4th year\seventh term\GP\ocr part\ocr\invoice_ocr.py", line 93, in extract_text_with_boxes
    raise ValueError(f"Failed to read image: {image_path}")
ValueError: Failed to read image: /tabali.jpg

During handling of the above exception, another exception occurred:

Traceback (most recent call last):
  File "D:\Dying\4th year\seventh term\GP\ocr part\main.py", line 166, in process_invoice
    ocr_results = self._run_ocr(image_path, invoice_id)
                  ^^^^^^^^^^^^^^^^^^^^^^^^^^^^^^^^^^^^^
  File "D:\Dying\4th year\seventh term\GP\ocr part\main.py", line 334, in _run_ocr
    ocr_results = self.ocr.extract_text_with_boxes(
                  ^^^^^^^^^^^^^^^^^^^^^^^^^^^^^^^^^
  File "D:\Dying\4th year\seventh term\GP\ocr part\ocr\invoice_ocr.py", line 93, in extract_text_with_boxes
    raise ValueError(f"Failed to read image: {image_path}")
ValueError: Failed to read image: /tabali.jpg
2026-01-22 21:45:52,667 - __main__ - INFO - [tabali_20260122_214552] Processing time: 0.00s
2026-01-22 21:45:52,667 - __main__ - INFO - [tabali_20260122_214552] Processing time: 0.00s
2026-01-22 21:45:52,667 - __main__ - INFO - [tabali_20260122_214552] Processing time: 0.00s
2026-01-22 22:10:52,738 - __main__ - INFO - Initializing invoice processing pipeline...
2026-01-22 22:10:55,527 - __main__ - INFO - Pipeline initialized successfully
2026-01-22 22:10:55,527 - __main__ - INFO - [tabali_20260122_221055] Starting invoice processing: D:/Dying/4th year/seventh term/GP/ocr part/tabali.jpg
2026-01-22 22:10:55,527 - __main__ - INFO - [tabali_20260122_221055] Step 1/5: OCR extraction
2026-01-22 22:10:55,527 - __main__ - INFO - [tabali_20260122_221055] Applying conservative receipt preprocessing...
2026-01-22 22:10:59,826 - __main__ - INFO - [tabali_20260122_221055] OCR completed: 33 elements extracted
2026-01-22 22:10:59,826 - __main__ - INFO - [tabali_20260122_221055] Step 2/5: Layout analysis
2026-01-22 22:10:59,826 - __main__ - INFO - [tabali_20260122_221055] Layout analysis completed: 3 zones, 0 key-value pairs, 1 tables
2026-01-22 22:10:59,827 - __main__ - INFO - [tabali_20260122_221055] Step 3/5: Field extraction
2026-01-22 22:10:59,827 - __main__ - INFO - [tabali_20260122_221055] Field extraction completed: 9 fields extracted
2026-01-22 22:10:59,827 - __main__ - INFO - [tabali_20260122_221055] Step 4/5: Validation
2026-01-22 22:10:59,829 - __main__ - INFO - [tabali_20260122_221055] Validation completed: Status=FAILED, Quality=55.6%
2026-01-22 22:10:59,829 - __main__ - INFO - [tabali_20260122_221055] Step 5/5: Exporting results
2026-01-22 22:10:59,830 - __main__ - INFO - [tabali_20260122_221055] Results exported to: output\tabali_20260122_221055\tabali_20260122_221055_results.json
2026-01-22 22:10:59,830 - __main__ - INFO - [tabali_20260122_221055] Processing completed successfully: validation_failed
2026-01-22 22:10:59,831 - __main__ - INFO - [tabali_20260122_221055] Processing time: 4.30s
2026-01-23 17:11:36,318 - __main__ - INFO - Initializing invoice processing pipeline...
2026-01-23 17:11:38,618 - __main__ - INFO - Pipeline initialized successfully
2026-01-23 17:11:38,619 - __main__ - INFO - [tabali_20260123_171138] Starting invoice processing: D:/Dying/4th year/seventh term/GP/ocr part/tabali.jpg
2026-01-23 17:11:38,620 - __main__ - INFO - [tabali_20260123_171138] Step 1/5: OCR extraction
2026-01-23 17:11:38,620 - __main__ - INFO - [tabali_20260123_171138] Applying conservative receipt preprocessing...
2026-01-23 17:11:43,625 - __main__ - INFO - [tabali_20260123_171138] OCR completed: 33 elements extracted
2026-01-23 17:11:43,625 - __main__ - INFO - [tabali_20260123_171138] Step 2/5: Layout analysis
2026-01-23 17:11:43,625 - __main__ - INFO - [tabali_20260123_171138] Layout analysis completed: 3 zones, 0 key-value pairs, 1 tables
2026-01-23 17:11:43,625 - __main__ - INFO - [tabali_20260123_171138] Step 3/5: Field extraction
2026-01-23 17:11:43,626 - __main__ - INFO - [tabali_20260123_171138] Field extraction completed: 9 fields extracted
2026-01-23 17:11:43,626 - __main__ - INFO - [tabali_20260123_171138] Step 4/5: Validation
2026-01-23 17:11:43,627 - __main__ - INFO - [tabali_20260123_171138] Validation completed: Status=FAILED, Quality=55.6%
2026-01-23 17:11:43,628 - __main__ - INFO - [tabali_20260123_171138] Step 5/5: Exporting results
2026-01-23 17:11:43,629 - __main__ - INFO - [tabali_20260123_171138] Results exported to: output\tabali_20260123_171138\tabali_20260123_171138_results.json
2026-01-23 17:11:43,629 - __main__ - INFO - [tabali_20260123_171138] Processing completed successfully: validation_failed
2026-01-23 17:11:43,629 - __main__ - INFO - [tabali_20260123_171138] Processing time: 5.01s
2026-01-23 17:12:09,833 - __main__ - INFO - Initializing invoice processing pipeline...
2026-01-23 17:12:12,510 - __main__ - INFO - Pipeline initialized successfully
2026-01-23 17:12:12,510 - __main__ - INFO - [tabali_20260123_171212] Starting invoice processing: /tabali.jpg
2026-01-23 17:12:12,510 - __main__ - INFO - [tabali_20260123_171212] Step 1/5: OCR extraction
2026-01-23 17:12:12,510 - __main__ - INFO - [tabali_20260123_171212] Applying conservative receipt preprocessing...
2026-01-23 17:12:12,510 - __main__ - WARNING - [tabali_20260123_171212] Preprocessing failed, using original image
2026-01-23 17:12:12,510 - __main__ - ERROR - [tabali_20260123_171212] OCR extraction failed: Failed to read image: /tabali.jpg
2026-01-23 17:12:12,510 - __main__ - ERROR - [tabali_20260123_171212] Processing failed: Failed to read image: /tabali.jpg
Traceback (most recent call last):
  File "D:\Dying\4th year\seventh term\GP\ocr part\main.py", line 166, in process_invoice
    ocr_results = self._run_ocr(image_path, invoice_id)
                  ^^^^^^^^^^^^^^^^^^^^^^^^^^^^^^^^^^^^^
  File "D:\Dying\4th year\seventh term\GP\ocr part\main.py", line 334, in _run_ocr
    ocr_results = self.ocr.extract_text_with_boxes(
                  ^^^^^^^^^^^^^^^^^^^^^^^^^^^^^^^^^
  File "D:\Dying\4th year\seventh term\GP\ocr part\ocr\invoice_ocr.py", line 93, in extract_text_with_boxes
    raise ValueError(f"Failed to read image: {image_path}")
ValueError: Failed to read image: /tabali.jpg
2026-01-23 17:12:12,511 - __main__ - INFO - [tabali_20260123_171212] Retrying... (attempt 1/2)
2026-01-23 17:12:12,511 - __main__ - INFO - [tabali_20260123_171212] Starting invoice processing: /tabali.jpg
2026-01-23 17:12:12,511 - __main__ - INFO - [tabali_20260123_171212] Step 1/5: OCR extraction
2026-01-23 17:12:12,511 - __main__ - INFO - [tabali_20260123_171212] Applying conservative receipt preprocessing...
2026-01-23 17:12:12,511 - __main__ - WARNING - [tabali_20260123_171212] Preprocessing failed, using original image
2026-01-23 17:12:12,511 - __main__ - ERROR - [tabali_20260123_171212] OCR extraction failed: Failed to read image: /tabali.jpg
2026-01-23 17:12:12,511 - __main__ - ERROR - [tabali_20260123_171212] Processing failed: Failed to read image: /tabali.jpg
Traceback (most recent call last):
  File "D:\Dying\4th year\seventh term\GP\ocr part\main.py", line 166, in process_invoice
    ocr_results = self._run_ocr(image_path, invoice_id)
                  ^^^^^^^^^^^^^^^^^^^^^^^^^^^^^^^^^^^^^
  File "D:\Dying\4th year\seventh term\GP\ocr part\main.py", line 334, in _run_ocr
    ocr_results = self.ocr.extract_text_with_boxes(
                  ^^^^^^^^^^^^^^^^^^^^^^^^^^^^^^^^^
  File "D:\Dying\4th year\seventh term\GP\ocr part\ocr\invoice_ocr.py", line 93, in extract_text_with_boxes
    raise ValueError(f"Failed to read image: {image_path}")
ValueError: Failed to read image: /tabali.jpg

During handling of the above exception, another exception occurred:

Traceback (most recent call last):
  File "D:\Dying\4th year\seventh term\GP\ocr part\main.py", line 166, in process_invoice
    ocr_results = self._run_ocr(image_path, invoice_id)
                  ^^^^^^^^^^^^^^^^^^^^^^^^^^^^^^^^^^^^^
  File "D:\Dying\4th year\seventh term\GP\ocr part\main.py", line 334, in _run_ocr
    ocr_results = self.ocr.extract_text_with_boxes(
                  ^^^^^^^^^^^^^^^^^^^^^^^^^^^^^^^^^
  File "D:\Dying\4th year\seventh term\GP\ocr part\ocr\invoice_ocr.py", line 93, in extract_text_with_boxes
    raise ValueError(f"Failed to read image: {image_path}")
ValueError: Failed to read image: /tabali.jpg
2026-01-23 17:12:12,511 - __main__ - INFO - [tabali_20260123_171212] Retrying... (attempt 2/2)
2026-01-23 17:12:12,514 - __main__ - INFO - [tabali_20260123_171212] Starting invoice processing: /tabali.jpg
2026-01-23 17:12:12,514 - __main__ - INFO - [tabali_20260123_171212] Step 1/5: OCR extraction
2026-01-23 17:12:12,514 - __main__ - INFO - [tabali_20260123_171212] Applying conservative receipt preprocessing...
2026-01-23 17:12:12,515 - __main__ - WARNING - [tabali_20260123_171212] Preprocessing failed, using original image
2026-01-23 17:12:12,515 - __main__ - ERROR - [tabali_20260123_171212] OCR extraction failed: Failed to read image: /tabali.jpg
2026-01-23 17:12:12,515 - __main__ - ERROR - [tabali_20260123_171212] Processing failed: Failed to read image: /tabali.jpg
Traceback (most recent call last):
  File "D:\Dying\4th year\seventh term\GP\ocr part\main.py", line 166, in process_invoice
    ocr_results = self._run_ocr(image_path, invoice_id)
                  ^^^^^^^^^^^^^^^^^^^^^^^^^^^^^^^^^^^^^
  File "D:\Dying\4th year\seventh term\GP\ocr part\main.py", line 334, in _run_ocr
    ocr_results = self.ocr.extract_text_with_boxes(
                  ^^^^^^^^^^^^^^^^^^^^^^^^^^^^^^^^^
  File "D:\Dying\4th year\seventh term\GP\ocr part\ocr\invoice_ocr.py", line 93, in extract_text_with_boxes
    raise ValueError(f"Failed to read image: {image_path}")
ValueError: Failed to read image: /tabali.jpg

During handling of the above exception, another exception occurred:

Traceback (most recent call last):
  File "D:\Dying\4th year\seventh term\GP\ocr part\main.py", line 166, in process_invoice
    ocr_results = self._run_ocr(image_path, invoice_id)
                  ^^^^^^^^^^^^^^^^^^^^^^^^^^^^^^^^^^^^^
  File "D:\Dying\4th year\seventh term\GP\ocr part\main.py", line 334, in _run_ocr
    ocr_results = self.ocr.extract_text_with_boxes(
                  ^^^^^^^^^^^^^^^^^^^^^^^^^^^^^^^^^
  File "D:\Dying\4th year\seventh term\GP\ocr part\ocr\invoice_ocr.py", line 93, in extract_text_with_boxes
    raise ValueError(f"Failed to read image: {image_path}")
ValueError: Failed to read image: /tabali.jpg

During handling of the above exception, another exception occurred:

Traceback (most recent call last):
  File "D:\Dying\4th year\seventh term\GP\ocr part\main.py", line 166, in process_invoice
    ocr_results = self._run_ocr(image_path, invoice_id)
                  ^^^^^^^^^^^^^^^^^^^^^^^^^^^^^^^^^^^^^
  File "D:\Dying\4th year\seventh term\GP\ocr part\main.py", line 334, in _run_ocr
    ocr_results = self.ocr.extract_text_with_boxes(
                  ^^^^^^^^^^^^^^^^^^^^^^^^^^^^^^^^^
  File "D:\Dying\4th year\seventh term\GP\ocr part\ocr\invoice_ocr.py", line 93, in extract_text_with_boxes
    raise ValueError(f"Failed to read image: {image_path}")
ValueError: Failed to read image: /tabali.jpg
2026-01-23 17:12:12,515 - __main__ - INFO - [tabali_20260123_171212] Processing time: 0.00s
2026-01-23 17:12:12,515 - __main__ - INFO - [tabali_20260123_171212] Processing time: 0.00s
2026-01-23 17:12:12,515 - __main__ - INFO - [tabali_20260123_171212] Processing time: 0.00s
